// Jest Snapshot v1, https://goo.gl/fbAQLP

exports[`switch component should render the switch component 1`] = `
ShallowWrapper {
  "complexSelector": ComplexSelector {
    "buildPredicate": [Function],
    "childrenOfNode": [Function],
    "findWhereUnwrapped": [Function],
  },
  "length": 1,
  "node": <div>
    <div
        className="switcher"
    >
        <ul>
            <li>
                <button
                    onClick={[Function]}
                />
            </li>
        </ul>
    </div>
</div>,
  "nodes": Array [
    <div>
      <div
            className="switcher"
      >
            <ul>
                  <li>
                        <button
                              onClick={[Function]}
                        />
                  </li>
            </ul>
      </div>
</div>,
  ],
  "options": Object {},
  "renderer": ReactShallowRenderer {
    "_instance": ShallowComponentWrapper {
      "_calledComponentWillUnmount": false,
      "_compositeType": 0,
      "_context": Object {},
      "_currentElement": <SwitchComponent
        conferences={
                Array [
                        Object {},
                      ]
        }
        currentConferenceId={0}
/>,
      "_debugID": 1,
      "_hostContainerInfo": null,
      "_hostParent": null,
      "_instance": SwitchComponent {
        "_reactInternalInstance": [Circular],
        "context": Object {},
        "props": Object {
          "conferences": Array [
            Object {},
          ],
          "currentConferenceId": 0,
        },
        "refs": Object {},
        "selectConference": [Function],
        "state": null,
        "updater": Object {
          "enqueueCallback": [Function],
          "enqueueCallbackInternal": [Function],
          "enqueueElementInternal": [Function],
          "enqueueForceUpdate": [Function],
          "enqueueReplaceState": [Function],
          "enqueueSetState": [Function],
          "isMounted": [Function],
          "validateCallback": [Function],
        },
      },
      "_mountOrder": 1,
      "_pendingCallbacks": null,
      "_pendingElement": null,
      "_pendingForceUpdate": false,
      "_pendingReplaceState": false,
      "_pendingStateQueue": null,
      "_renderedComponent": NoopInternalComponent {
        "_currentElement": <div>
          <div
                    className="switcher"
          >
                    <ul>
                              <li>
                                        <button
                                                  onClick={[Function]}
                                        />
                              </li>
                    </ul>
          </div>
</div>,
        "_debugID": 2,
        "_renderedOutput": <div>
          <div
                    className="switcher"
          >
                    <ul>
                              <li>
                                        <button
                                                  onClick={[Function]}
                                        />
                              </li>
                    </ul>
          </div>
</div>,
      },
      "_renderedNodeType": 0,
      "_rootNodeID": 0,
      "_topLevelWrapper": null,
      "_updateBatchNumber": null,
      "_warnedAboutRefsInRender": false,
    },
    "getRenderOutput": [Function],
    "render": [Function],
  },
  "root": [Circular],
  "unrendered": <SwitchComponent
    conferences={
        Array [
            Object {},
          ]
    }
    currentConferenceId={0}
/>,
}
`;
