// Jest Snapshot v1, https://goo.gl/fbAQLP

exports[`checkboxDomain.component should render component 1`] = `
Array [
  <span
    className="tag is-notselected keyword-elt"
    onClick={[Function]}
    role="presentation"
>
    tech
</span>,
]
`;
