// Jest Snapshot v1, https://goo.gl/fbAQLP

exports[`checkboxDomain.component === SNAPSHOT === 1`] = `
<div>
  <div>
    <input
      checked={false}
      name="1"
      onChange={[Function]}
      type="checkbox"
    />
    tech
  </div>
</div>
`;
